// Jest Snapshot v1, https://goo.gl/fbAQLP

exports[`render correctly 1`] = `
<Text
  style={
    Array [
      Object {
        "color": "#212121",
        "fontSize": 24,
        "fontWeight": "600",
      },
    ]
  }
>
  BigTitle
</Text>
`;
