// Jest Snapshot v1, https://goo.gl/fbAQLP

exports[`render correctly 1`] = `
<Text
  style={
    Array [
      Object {
        "color": "#555555",
        "fontSize": 20,
        "fontWeight": "400",
      },
    ]
  }
>
  BigTitle
</Text>
`;
